---
source: crates/weaveffi-cli/tests/snapshots.rs
---
#ifndef WEAVEFFI_H
#define WEAVEFFI_H

#include <stdint.h>
#include <stddef.h>
#include <stdbool.h>

#ifdef __cplusplus
extern "C" {
#endif

typedef uint64_t weaveffi_handle_t;

typedef struct weaveffi_error { int32_t code; const char* message; } weaveffi_error;

void weaveffi_error_clear(weaveffi_error* err);
void weaveffi_free_string(const char* ptr);
void weaveffi_free_bytes(uint8_t* ptr, size_t len);

typedef struct weaveffi_cancel_token weaveffi_cancel_token;
weaveffi_cancel_token* weaveffi_cancel_token_create(void);
void weaveffi_cancel_token_cancel(weaveffi_cancel_token* token);
bool weaveffi_cancel_token_is_cancelled(const weaveffi_cancel_token* token);
void weaveffi_cancel_token_destroy(weaveffi_cancel_token* token);

/*
 * Map convention: Maps are passed as parallel arrays of keys and values.
 * A map parameter {K:V} named "m" expands to:
 *   const K* m_keys, const V* m_values, size_t m_len
 * A map return value expands to out-parameters:
 *   K* out_keys, V* out_values, size_t* out_len
 */

// Module: events
typedef void (*weaveffi_events_OnMessage_fn)(const char* message, void* context);
uint64_t weaveffi_events_register_message_listener(weaveffi_events_OnMessage_fn callback, void* context);
void weaveffi_events_unregister_message_listener(uint64_t id);
/** Send a message, triggering the OnMessage callback */
void weaveffi_events_send_message(const char* text, weaveffi_error* out_err);
/** Return an iterator over all sent messages */
typedef struct weaveffi_events_GetMessagesIterator weaveffi_events_GetMessagesIterator;
weaveffi_events_GetMessagesIterator* weaveffi_events_get_messages(weaveffi_error* out_err);
int32_t weaveffi_events_GetMessagesIterator_next(weaveffi_events_GetMessagesIterator* iter, const char** out_item, weaveffi_error* out_err);
void weaveffi_events_GetMessagesIterator_destroy(weaveffi_events_GetMessagesIterator* iter);


#ifdef __cplusplus
}
#endif

#endif // WEAVEFFI_H
