---
source: crates/weaveffi-cli/tests/snapshots.rs
---
#pragma once

#include <cstdint>
#include <string>
#include <vector>
#include <optional>
#include <unordered_map>
#include <memory>
#include <stdexcept>
#include <future>

extern "C" {

typedef uint64_t weaveffi_handle_t;

typedef struct weaveffi_error {
    int32_t code;
    const char* message;
} weaveffi_error;

void weaveffi_error_clear(weaveffi_error* err);
void weaveffi_free_string(const char* ptr);
void weaveffi_free_bytes(uint8_t* ptr, size_t len);

typedef struct weaveffi_cancel_token weaveffi_cancel_token;
weaveffi_cancel_token* weaveffi_cancel_token_create(void);
void weaveffi_cancel_token_cancel(weaveffi_cancel_token* token);
bool weaveffi_cancel_token_is_cancelled(const weaveffi_cancel_token* token);
void weaveffi_cancel_token_destroy(weaveffi_cancel_token* token);

typedef struct weaveffi_shared_Token weaveffi_shared_Token;
weaveffi_shared_Token* weaveffi_shared_Token_create(int64_t id, const char* label, weaveffi_error* out_err);
void weaveffi_shared_Token_destroy(weaveffi_shared_Token* ptr);
int64_t weaveffi_shared_Token_get_id(const weaveffi_shared_Token* ptr);
const char* weaveffi_shared_Token_get_label(const weaveffi_shared_Token* ptr);
const char* weaveffi_shared_ping(weaveffi_error* out_err);

typedef enum { weaveffi_kitchen_Priority_Low = 0, weaveffi_kitchen_Priority_Normal = 1, weaveffi_kitchen_Priority_High = 2 } weaveffi_kitchen_Priority;
typedef struct weaveffi_kitchen_Item weaveffi_kitchen_Item;
weaveffi_kitchen_Item* weaveffi_kitchen_Item_create(int64_t id, const char* name, int32_t count, bool enabled, double ratio, uint32_t nick, const uint8_t* payload_ptr, size_t payload_len, const char* const* tags, size_t tags_len, const char* const* attrs_keys, const char* const* attrs_values, size_t attrs_len, const int64_t* parent, const weaveffi_shared_Token* token, weaveffi_kitchen_Priority priority, weaveffi_error* out_err);
void weaveffi_kitchen_Item_destroy(weaveffi_kitchen_Item* ptr);
int64_t weaveffi_kitchen_Item_get_id(const weaveffi_kitchen_Item* ptr);
const char* weaveffi_kitchen_Item_get_name(const weaveffi_kitchen_Item* ptr);
int32_t weaveffi_kitchen_Item_get_count(const weaveffi_kitchen_Item* ptr);
bool weaveffi_kitchen_Item_get_enabled(const weaveffi_kitchen_Item* ptr);
double weaveffi_kitchen_Item_get_ratio(const weaveffi_kitchen_Item* ptr);
uint32_t weaveffi_kitchen_Item_get_nick(const weaveffi_kitchen_Item* ptr);
const uint8_t* weaveffi_kitchen_Item_get_payload(const weaveffi_kitchen_Item* ptr, size_t* out_len);
const char** weaveffi_kitchen_Item_get_tags(const weaveffi_kitchen_Item* ptr, size_t* out_len);
void weaveffi_kitchen_Item_get_attrs(const weaveffi_kitchen_Item* ptr, const char** out_keys, const char** out_values, size_t* out_len);
int64_t* weaveffi_kitchen_Item_get_parent(const weaveffi_kitchen_Item* ptr);
weaveffi_shared_Token* weaveffi_kitchen_Item_get_token(const weaveffi_kitchen_Item* ptr);
weaveffi_kitchen_Priority weaveffi_kitchen_Item_get_priority(const weaveffi_kitchen_Item* ptr);
typedef struct weaveffi_kitchen_ItemBuilder weaveffi_kitchen_ItemBuilder;
weaveffi_kitchen_ItemBuilder* weaveffi_kitchen_Item_Builder_new(void);
void weaveffi_kitchen_Item_Builder_set_id(weaveffi_kitchen_ItemBuilder* builder, int64_t value);
void weaveffi_kitchen_Item_Builder_set_name(weaveffi_kitchen_ItemBuilder* builder, const char* value);
void weaveffi_kitchen_Item_Builder_set_count(weaveffi_kitchen_ItemBuilder* builder, int32_t value);
void weaveffi_kitchen_Item_Builder_set_enabled(weaveffi_kitchen_ItemBuilder* builder, bool value);
void weaveffi_kitchen_Item_Builder_set_ratio(weaveffi_kitchen_ItemBuilder* builder, double value);
void weaveffi_kitchen_Item_Builder_set_nick(weaveffi_kitchen_ItemBuilder* builder, uint32_t value);
void weaveffi_kitchen_Item_Builder_set_payload(weaveffi_kitchen_ItemBuilder* builder, const uint8_t* value_ptr, size_t value_len);
void weaveffi_kitchen_Item_Builder_set_tags(weaveffi_kitchen_ItemBuilder* builder, const char* const* value, size_t value_len);
void weaveffi_kitchen_Item_Builder_set_attrs(weaveffi_kitchen_ItemBuilder* builder, const char* const* value_keys, const char* const* value_values, size_t value_len);
void weaveffi_kitchen_Item_Builder_set_parent(weaveffi_kitchen_ItemBuilder* builder, const int64_t* value);
void weaveffi_kitchen_Item_Builder_set_token(weaveffi_kitchen_ItemBuilder* builder, const weaveffi_shared_Token* value);
void weaveffi_kitchen_Item_Builder_set_priority(weaveffi_kitchen_ItemBuilder* builder, weaveffi_kitchen_Priority value);
weaveffi_kitchen_Item* weaveffi_kitchen_Item_Builder_build(weaveffi_kitchen_ItemBuilder* builder, weaveffi_error* out_err);
void weaveffi_kitchen_Item_Builder_destroy(weaveffi_kitchen_ItemBuilder* builder);
bool weaveffi_kitchen_bool_id(bool x, weaveffi_error* out_err);
int32_t weaveffi_kitchen_i32_id(int32_t x, weaveffi_error* out_err);
uint32_t weaveffi_kitchen_u32_id(uint32_t x, weaveffi_error* out_err);
int64_t weaveffi_kitchen_i64_id(int64_t x, weaveffi_error* out_err);
double weaveffi_kitchen_f64_id(double x, weaveffi_error* out_err);
const char* weaveffi_kitchen_echo_string(const char* s, weaveffi_error* out_err);
const uint8_t* weaveffi_kitchen_echo_bytes(const uint8_t* b_ptr, size_t b_len, size_t* out_len, weaveffi_error* out_err);
const char* weaveffi_kitchen_echo_borrowed_str(const char* s, weaveffi_error* out_err);
const uint8_t* weaveffi_kitchen_echo_borrowed_bytes(const uint8_t* b_ptr, size_t b_len, size_t* out_len, weaveffi_error* out_err);
weaveffi_handle_t weaveffi_kitchen_open_handle(weaveffi_error* out_err);
weaveffi_kitchen_Token* weaveffi_kitchen_open_typed_handle(weaveffi_error* out_err);
weaveffi_kitchen_Item* weaveffi_kitchen_maybe_item(int64_t id, weaveffi_error* out_err);
weaveffi_kitchen_Item** weaveffi_kitchen_list_items(size_t* out_len, weaveffi_error* out_err);
void weaveffi_kitchen_get_attrs(const char** out_keys, int32_t* out_values, size_t* out_len, weaveffi_error* out_err);
weaveffi_kitchen_Item** weaveffi_kitchen_stream_items(size_t* out_len, weaveffi_error* out_err);
weaveffi_shared_Token* weaveffi_kitchen_cross_module_token(weaveffi_error* out_err);
typedef void (*weaveffi_kitchen_do_async_callback)(void* context, weaveffi_error* err, const char* result);
void weaveffi_kitchen_do_async_async(const char* input, weaveffi_kitchen_do_async_callback callback, void* context);
typedef void (*weaveffi_kitchen_do_cancellable_callback)(void* context, weaveffi_error* err, const char* result);
void weaveffi_kitchen_do_cancellable_async(const char* input, weaveffi_cancel_token* cancel_token, weaveffi_kitchen_do_cancellable_callback callback, void* context);
int32_t weaveffi_kitchen_legacy_op(weaveffi_error* out_err);
int32_t weaveffi_kitchen_new_op(weaveffi_error* out_err);

const char* weaveffi_kitchen_nested_hello(weaveffi_error* out_err);

} // extern "C"

namespace weaveffi {

class WeaveFFIError : public std::runtime_error {
    int32_t code_;

public:
    WeaveFFIError(int32_t code, const std::string& msg) : std::runtime_error(msg), code_(code) {}
    int32_t code() const { return code_; }
};

class not_foundError : public WeaveFFIError {
public:
    not_foundError(const std::string& msg) : WeaveFFIError(1, msg) {}
};

class invalid_inputError : public WeaveFFIError {
public:
    invalid_inputError(const std::string& msg) : WeaveFFIError(2, msg) {}
};

class Token {
    void* handle_;

public:
    explicit Token(void* h) : handle_(h) {}

    ~Token() {
        if (handle_) weaveffi_shared_Token_destroy(static_cast<weaveffi_shared_Token*>(handle_));
    }

    Token(const Token&) = delete;
    Token& operator=(const Token&) = delete;

    Token(Token&& other) noexcept : handle_(other.handle_) {
        other.handle_ = nullptr;
    }

    Token& operator=(Token&& other) noexcept {
        if (this != &other) {
            if (handle_) weaveffi_shared_Token_destroy(static_cast<weaveffi_shared_Token*>(handle_));
            handle_ = other.handle_;
            other.handle_ = nullptr;
        }
        return *this;
    }

    void* handle() const { return handle_; }

    int64_t id() const {
        return weaveffi_shared_Token_get_id(static_cast<const weaveffi_shared_Token*>(handle_));
    }

    std::string label() const {
        const char* raw = weaveffi_shared_Token_get_label(static_cast<const weaveffi_shared_Token*>(handle_));
        std::string ret(raw);
        weaveffi_free_string(raw);
        return ret;
    }

};

inline std::string shared_ping() {
    weaveffi_error err{};
    auto result = weaveffi_shared_ping(&err);
    if (err.code != 0) {
        std::string msg(err.message ? err.message : "unknown error");
        int32_t code = err.code;
        weaveffi_error_clear(&err);
        switch (code) {
        case 1: throw not_foundError(msg);
        case 2: throw invalid_inputError(msg);
        default: throw WeaveFFIError(code, msg);
        }
    }
    std::string ret(result);
    weaveffi_free_string(result);
    return ret;
}

enum class Priority : int32_t {
    Low = 0,
    Normal = 1,
    High = 2
};

class Item {
    void* handle_;

public:
    explicit Item(void* h) : handle_(h) {}

    ~Item() {
        if (handle_) weaveffi_kitchen_Item_destroy(static_cast<weaveffi_kitchen_Item*>(handle_));
    }

    Item(const Item&) = delete;
    Item& operator=(const Item&) = delete;

    Item(Item&& other) noexcept : handle_(other.handle_) {
        other.handle_ = nullptr;
    }

    Item& operator=(Item&& other) noexcept {
        if (this != &other) {
            if (handle_) weaveffi_kitchen_Item_destroy(static_cast<weaveffi_kitchen_Item*>(handle_));
            handle_ = other.handle_;
            other.handle_ = nullptr;
        }
        return *this;
    }

    void* handle() const { return handle_; }

    int64_t id() const {
        return weaveffi_kitchen_Item_get_id(static_cast<const weaveffi_kitchen_Item*>(handle_));
    }

    std::string name() const {
        const char* raw = weaveffi_kitchen_Item_get_name(static_cast<const weaveffi_kitchen_Item*>(handle_));
        std::string ret(raw);
        weaveffi_free_string(raw);
        return ret;
    }

    int32_t count() const {
        return weaveffi_kitchen_Item_get_count(static_cast<const weaveffi_kitchen_Item*>(handle_));
    }

    bool enabled() const {
        return weaveffi_kitchen_Item_get_enabled(static_cast<const weaveffi_kitchen_Item*>(handle_));
    }

    double ratio() const {
        return weaveffi_kitchen_Item_get_ratio(static_cast<const weaveffi_kitchen_Item*>(handle_));
    }

    uint32_t nick() const {
        return weaveffi_kitchen_Item_get_nick(static_cast<const weaveffi_kitchen_Item*>(handle_));
    }

    std::vector<uint8_t> payload() const {
        size_t len = 0;
        auto* raw = weaveffi_kitchen_Item_get_payload(static_cast<const weaveffi_kitchen_Item*>(handle_), &len);
        return std::vector<uint8_t>(raw, raw + len);
    }

    std::vector<std::string> tags() const {
        size_t len = 0;
        auto* raw = weaveffi_kitchen_Item_get_tags(static_cast<const weaveffi_kitchen_Item*>(handle_), &len);
        std::vector<std::string> ret;
        ret.reserve(len);
        for (size_t i = 0; i < len; ++i) ret.emplace_back(raw[i]);
        return ret;
    }

    std::unordered_map<std::string, std::string> attrs() const {
        const char** out_keys = nullptr;
        const char** out_values = nullptr;
        size_t len = 0;
        weaveffi_kitchen_Item_get_attrs(static_cast<const weaveffi_kitchen_Item*>(handle_), out_keys, out_values, &len);
        std::unordered_map<std::string, std::string> ret;
        for (size_t i = 0; i < len; ++i) {
            ret[std::string(out_keys[i])] = std::string(out_values[i]);
        }
        return ret;
    }

    std::optional<int64_t> parent() const {
        auto* raw = weaveffi_kitchen_Item_get_parent(static_cast<const weaveffi_kitchen_Item*>(handle_));
        if (!raw) return std::nullopt;
        return *raw;
    }

    Token token() const {
        return Token(weaveffi_kitchen_Item_get_token(static_cast<const weaveffi_kitchen_Item*>(handle_)));
    }

    Priority priority() const {
        return static_cast<Priority>(weaveffi_kitchen_Item_get_priority(static_cast<const weaveffi_kitchen_Item*>(handle_)));
    }

};

class ItemBuilder {
    void* handle_;

public:
    ItemBuilder() : handle_(reinterpret_cast<void*>(weaveffi_kitchen_Item_Builder_new())) {}

    ~ItemBuilder() {
        if (handle_) weaveffi_kitchen_Item_Builder_destroy(static_cast<weaveffi_kitchen_ItemBuilder*>(handle_));
    }

    ItemBuilder(const ItemBuilder&) = delete;
    ItemBuilder& operator=(const ItemBuilder&) = delete;

    ItemBuilder(ItemBuilder&& other) noexcept : handle_(other.handle_) {
        other.handle_ = nullptr;
    }

    ItemBuilder& operator=(ItemBuilder&& other) noexcept {
        if (this != &other) {
            if (handle_) weaveffi_kitchen_Item_Builder_destroy(static_cast<weaveffi_kitchen_ItemBuilder*>(handle_));
            handle_ = other.handle_;
            other.handle_ = nullptr;
        }
        return *this;
    }

    ItemBuilder& withId(int64_t value) {
        weaveffi_kitchen_Item_Builder_set_id(static_cast<weaveffi_kitchen_ItemBuilder*>(handle_), value);
        return *this;
    }

    ItemBuilder& withName(const std::string& value) {
        weaveffi_kitchen_Item_Builder_set_name(static_cast<weaveffi_kitchen_ItemBuilder*>(handle_), value.c_str());
        return *this;
    }

    ItemBuilder& withCount(int32_t value) {
        weaveffi_kitchen_Item_Builder_set_count(static_cast<weaveffi_kitchen_ItemBuilder*>(handle_), value);
        return *this;
    }

    ItemBuilder& withEnabled(bool value) {
        weaveffi_kitchen_Item_Builder_set_enabled(static_cast<weaveffi_kitchen_ItemBuilder*>(handle_), value);
        return *this;
    }

    ItemBuilder& withRatio(double value) {
        weaveffi_kitchen_Item_Builder_set_ratio(static_cast<weaveffi_kitchen_ItemBuilder*>(handle_), value);
        return *this;
    }

    ItemBuilder& withNick(uint32_t value) {
        weaveffi_kitchen_Item_Builder_set_nick(static_cast<weaveffi_kitchen_ItemBuilder*>(handle_), value);
        return *this;
    }

    ItemBuilder& withPayload(const std::vector<uint8_t>& value) {
        weaveffi_kitchen_Item_Builder_set_payload(static_cast<weaveffi_kitchen_ItemBuilder*>(handle_), value.data(), value.size());
        return *this;
    }

    ItemBuilder& withTags(const std::vector<std::string>& value) {
        std::vector<const char*> value_cstrs;
        value_cstrs.reserve(value.size());
        for (const auto& s : value) value_cstrs.push_back(s.c_str());
        weaveffi_kitchen_Item_Builder_set_tags(static_cast<weaveffi_kitchen_ItemBuilder*>(handle_), value_cstrs.data(), value_cstrs.size());
        return *this;
    }

    ItemBuilder& withAttrs(const std::unordered_map<std::string, std::string>& value) {
        std::vector<const char*> value_keys_v;
        std::vector<const char*> value_vals_v;
        for (const auto& kv : value) { value_keys_v.push_back(kv.first.c_str()); value_vals_v.push_back(kv.second.c_str()); }
        weaveffi_kitchen_Item_Builder_set_attrs(static_cast<weaveffi_kitchen_ItemBuilder*>(handle_), value_keys_v.data(), value_vals_v.data(), value_keys_v.size());
        return *this;
    }

    ItemBuilder& withParent(const std::optional<int64_t>& value) {
        const int64_t* value_ptr = nullptr;
        int64_t value_tmp{};
        if (value.has_value()) { value_tmp = *value; value_ptr = &value_tmp; }
        weaveffi_kitchen_Item_Builder_set_parent(static_cast<weaveffi_kitchen_ItemBuilder*>(handle_), value_ptr);
        return *this;
    }

    ItemBuilder& withToken(const Token& value) {
        weaveffi_kitchen_Item_Builder_set_token(static_cast<weaveffi_kitchen_ItemBuilder*>(handle_), static_cast<const weaveffi_shared_Token*>(value.handle()));
        return *this;
    }

    ItemBuilder& withPriority(Priority value) {
        weaveffi_kitchen_Item_Builder_set_priority(static_cast<weaveffi_kitchen_ItemBuilder*>(handle_), static_cast<weaveffi_kitchen_Priority>(static_cast<int32_t>(value)));
        return *this;
    }

    Item build() {
        weaveffi_error err{};
        auto* ptr = weaveffi_kitchen_Item_Builder_build(static_cast<weaveffi_kitchen_ItemBuilder*>(handle_), &err);
        if (err.code != 0) throw std::runtime_error(err.message ? err.message : "build failed");
        return Item(ptr);
    }
};

inline bool kitchen_bool_id(bool x) {
    weaveffi_error err{};
    auto result = weaveffi_kitchen_bool_id(x, &err);
    if (err.code != 0) {
        std::string msg(err.message ? err.message : "unknown error");
        int32_t code = err.code;
        weaveffi_error_clear(&err);
        switch (code) {
        case 1: throw not_foundError(msg);
        case 2: throw invalid_inputError(msg);
        default: throw WeaveFFIError(code, msg);
        }
    }
    return result;
}

inline int32_t kitchen_i32_id(int32_t x) {
    weaveffi_error err{};
    auto result = weaveffi_kitchen_i32_id(x, &err);
    if (err.code != 0) {
        std::string msg(err.message ? err.message : "unknown error");
        int32_t code = err.code;
        weaveffi_error_clear(&err);
        switch (code) {
        case 1: throw not_foundError(msg);
        case 2: throw invalid_inputError(msg);
        default: throw WeaveFFIError(code, msg);
        }
    }
    return result;
}

inline uint32_t kitchen_u32_id(uint32_t x) {
    weaveffi_error err{};
    auto result = weaveffi_kitchen_u32_id(x, &err);
    if (err.code != 0) {
        std::string msg(err.message ? err.message : "unknown error");
        int32_t code = err.code;
        weaveffi_error_clear(&err);
        switch (code) {
        case 1: throw not_foundError(msg);
        case 2: throw invalid_inputError(msg);
        default: throw WeaveFFIError(code, msg);
        }
    }
    return result;
}

inline int64_t kitchen_i64_id(int64_t x) {
    weaveffi_error err{};
    auto result = weaveffi_kitchen_i64_id(x, &err);
    if (err.code != 0) {
        std::string msg(err.message ? err.message : "unknown error");
        int32_t code = err.code;
        weaveffi_error_clear(&err);
        switch (code) {
        case 1: throw not_foundError(msg);
        case 2: throw invalid_inputError(msg);
        default: throw WeaveFFIError(code, msg);
        }
    }
    return result;
}

inline double kitchen_f64_id(double x) {
    weaveffi_error err{};
    auto result = weaveffi_kitchen_f64_id(x, &err);
    if (err.code != 0) {
        std::string msg(err.message ? err.message : "unknown error");
        int32_t code = err.code;
        weaveffi_error_clear(&err);
        switch (code) {
        case 1: throw not_foundError(msg);
        case 2: throw invalid_inputError(msg);
        default: throw WeaveFFIError(code, msg);
        }
    }
    return result;
}

inline std::string kitchen_echo_string(const std::string& s) {
    weaveffi_error err{};
    auto result = weaveffi_kitchen_echo_string(s.c_str(), &err);
    if (err.code != 0) {
        std::string msg(err.message ? err.message : "unknown error");
        int32_t code = err.code;
        weaveffi_error_clear(&err);
        switch (code) {
        case 1: throw not_foundError(msg);
        case 2: throw invalid_inputError(msg);
        default: throw WeaveFFIError(code, msg);
        }
    }
    std::string ret(result);
    weaveffi_free_string(result);
    return ret;
}

inline std::vector<uint8_t> kitchen_echo_bytes(const std::vector<uint8_t>& b) {
    size_t out_len = 0;
    weaveffi_error err{};
    auto result = weaveffi_kitchen_echo_bytes(b.data(), b.size(), &out_len, &err);
    if (err.code != 0) {
        std::string msg(err.message ? err.message : "unknown error");
        int32_t code = err.code;
        weaveffi_error_clear(&err);
        switch (code) {
        case 1: throw not_foundError(msg);
        case 2: throw invalid_inputError(msg);
        default: throw WeaveFFIError(code, msg);
        }
    }
    std::vector<uint8_t> ret(result, result + out_len);
    weaveffi_free_bytes(const_cast<uint8_t*>(result), out_len);
    return ret;
}

inline std::string kitchen_echo_borrowed_str(const std::string& s) {
    weaveffi_error err{};
    auto result = weaveffi_kitchen_echo_borrowed_str(s.c_str(), &err);
    if (err.code != 0) {
        std::string msg(err.message ? err.message : "unknown error");
        int32_t code = err.code;
        weaveffi_error_clear(&err);
        switch (code) {
        case 1: throw not_foundError(msg);
        case 2: throw invalid_inputError(msg);
        default: throw WeaveFFIError(code, msg);
        }
    }
    std::string ret(result);
    weaveffi_free_string(result);
    return ret;
}

inline std::vector<uint8_t> kitchen_echo_borrowed_bytes(const std::vector<uint8_t>& b) {
    size_t out_len = 0;
    weaveffi_error err{};
    auto result = weaveffi_kitchen_echo_borrowed_bytes(b.data(), b.size(), &out_len, &err);
    if (err.code != 0) {
        std::string msg(err.message ? err.message : "unknown error");
        int32_t code = err.code;
        weaveffi_error_clear(&err);
        switch (code) {
        case 1: throw not_foundError(msg);
        case 2: throw invalid_inputError(msg);
        default: throw WeaveFFIError(code, msg);
        }
    }
    std::vector<uint8_t> ret(result, result + out_len);
    weaveffi_free_bytes(const_cast<uint8_t*>(result), out_len);
    return ret;
}

inline void* kitchen_open_handle() {
    weaveffi_error err{};
    auto result = weaveffi_kitchen_open_handle(&err);
    if (err.code != 0) {
        std::string msg(err.message ? err.message : "unknown error");
        int32_t code = err.code;
        weaveffi_error_clear(&err);
        switch (code) {
        case 1: throw not_foundError(msg);
        case 2: throw invalid_inputError(msg);
        default: throw WeaveFFIError(code, msg);
        }
    }
    return reinterpret_cast<void*>(static_cast<uintptr_t>(result));
}

inline Token kitchen_open_typed_handle() {
    weaveffi_error err{};
    auto result = weaveffi_kitchen_open_typed_handle(&err);
    if (err.code != 0) {
        std::string msg(err.message ? err.message : "unknown error");
        int32_t code = err.code;
        weaveffi_error_clear(&err);
        switch (code) {
        case 1: throw not_foundError(msg);
        case 2: throw invalid_inputError(msg);
        default: throw WeaveFFIError(code, msg);
        }
    }
    return Token(result);
}

inline std::optional<Item> kitchen_maybe_item(int64_t id) {
    weaveffi_error err{};
    auto result = weaveffi_kitchen_maybe_item(id, &err);
    if (err.code != 0) {
        std::string msg(err.message ? err.message : "unknown error");
        int32_t code = err.code;
        weaveffi_error_clear(&err);
        switch (code) {
        case 1: throw not_foundError(msg);
        case 2: throw invalid_inputError(msg);
        default: throw WeaveFFIError(code, msg);
        }
    }
    if (!result) return std::nullopt;
    return Item(result);
}

inline std::vector<Item> kitchen_list_items() {
    size_t out_len = 0;
    weaveffi_error err{};
    auto result = weaveffi_kitchen_list_items(&out_len, &err);
    if (err.code != 0) {
        std::string msg(err.message ? err.message : "unknown error");
        int32_t code = err.code;
        weaveffi_error_clear(&err);
        switch (code) {
        case 1: throw not_foundError(msg);
        case 2: throw invalid_inputError(msg);
        default: throw WeaveFFIError(code, msg);
        }
    }
    std::vector<Item> ret;
    ret.reserve(out_len);
    for (size_t i = 0; i < out_len; ++i) ret.emplace_back(Item(result[i]));
    return ret;
}

inline std::unordered_map<std::string, int32_t> kitchen_get_attrs() {
    const char** out_keys = nullptr;
    int32_t* out_values = nullptr;
    size_t out_len = 0;
    weaveffi_error err{};
    weaveffi_kitchen_get_attrs(out_keys, out_values, &out_len, &err);
    if (err.code != 0) {
        std::string msg(err.message ? err.message : "unknown error");
        int32_t code = err.code;
        weaveffi_error_clear(&err);
        switch (code) {
        case 1: throw not_foundError(msg);
        case 2: throw invalid_inputError(msg);
        default: throw WeaveFFIError(code, msg);
        }
    }
    std::unordered_map<std::string, int32_t> ret;
    for (size_t i = 0; i < out_len; ++i) {
        ret[std::string(out_keys[i])] = out_values[i];
    }
    return ret;
}

inline std::vector<Item> kitchen_stream_items() {
    size_t out_len = 0;
    weaveffi_error err{};
    auto result = weaveffi_kitchen_stream_items(&out_len, &err);
    if (err.code != 0) {
        std::string msg(err.message ? err.message : "unknown error");
        int32_t code = err.code;
        weaveffi_error_clear(&err);
        switch (code) {
        case 1: throw not_foundError(msg);
        case 2: throw invalid_inputError(msg);
        default: throw WeaveFFIError(code, msg);
        }
    }
    std::vector<Item> ret;
    ret.reserve(out_len);
    for (size_t i = 0; i < out_len; ++i) ret.emplace_back(Item(result[i]));
    return ret;
}

inline Token kitchen_cross_module_token() {
    weaveffi_error err{};
    auto result = weaveffi_kitchen_cross_module_token(&err);
    if (err.code != 0) {
        std::string msg(err.message ? err.message : "unknown error");
        int32_t code = err.code;
        weaveffi_error_clear(&err);
        switch (code) {
        case 1: throw not_foundError(msg);
        case 2: throw invalid_inputError(msg);
        default: throw WeaveFFIError(code, msg);
        }
    }
    return Token(result);
}

inline std::future<std::string> kitchen_do_async(const std::string& input) {
    auto* promise_ptr = new std::promise<std::string>();
    auto future = promise_ptr->get_future();
    weaveffi_kitchen_do_async_async(input.c_str(), [](void* context, weaveffi_error* err, const char* result) {
        auto* p = static_cast<std::promise<std::string>*>(context);
        if (err && err->code != 0) {
            std::string msg(err->message ? err->message : "unknown error");
            p->set_exception(std::make_exception_ptr(WeaveFFIError(err->code, msg)));
        } else {
            std::string ret(result);
            weaveffi_free_string(result);
            p->set_value(std::move(ret));
        }
        delete p;
    }, static_cast<void*>(promise_ptr));
    return future;
}

inline std::future<std::string> kitchen_do_cancellable(const std::string& input, weaveffi_cancel_token* cancel_token = nullptr) {
    auto* promise_ptr = new std::promise<std::string>();
    auto future = promise_ptr->get_future();
    weaveffi_kitchen_do_cancellable_async(input.c_str(), cancel_token, [](void* context, weaveffi_error* err, const char* result) {
        auto* p = static_cast<std::promise<std::string>*>(context);
        if (err && err->code != 0) {
            std::string msg(err->message ? err->message : "unknown error");
            p->set_exception(std::make_exception_ptr(WeaveFFIError(err->code, msg)));
        } else {
            std::string ret(result);
            weaveffi_free_string(result);
            p->set_value(std::move(ret));
        }
        delete p;
    }, static_cast<void*>(promise_ptr));
    return future;
}

[[deprecated("Use new_op instead")]]
inline int32_t kitchen_legacy_op() {
    weaveffi_error err{};
    auto result = weaveffi_kitchen_legacy_op(&err);
    if (err.code != 0) {
        std::string msg(err.message ? err.message : "unknown error");
        int32_t code = err.code;
        weaveffi_error_clear(&err);
        switch (code) {
        case 1: throw not_foundError(msg);
        case 2: throw invalid_inputError(msg);
        default: throw WeaveFFIError(code, msg);
        }
    }
    return result;
}

inline int32_t kitchen_new_op() {
    weaveffi_error err{};
    auto result = weaveffi_kitchen_new_op(&err);
    if (err.code != 0) {
        std::string msg(err.message ? err.message : "unknown error");
        int32_t code = err.code;
        weaveffi_error_clear(&err);
        switch (code) {
        case 1: throw not_foundError(msg);
        case 2: throw invalid_inputError(msg);
        default: throw WeaveFFIError(code, msg);
        }
    }
    return result;
}

inline std::string kitchen_nested_hello() {
    weaveffi_error err{};
    auto result = weaveffi_kitchen_nested_hello(&err);
    if (err.code != 0) {
        std::string msg(err.message ? err.message : "unknown error");
        int32_t code = err.code;
        weaveffi_error_clear(&err);
        switch (code) {
        case 1: throw not_foundError(msg);
        case 2: throw invalid_inputError(msg);
        default: throw WeaveFFIError(code, msg);
        }
    }
    std::string ret(result);
    weaveffi_free_string(result);
    return ret;
}

} // namespace weaveffi
